==335152== Memcheck, a memory error detector
==335152== Copyright (C) 2002-2017, and GNU GPL'd, by Julian Seward et al.
==335152== Using Valgrind-3.18.1-42b08ed5bd-20211015 and LibVEX; rerun with -h for copyright info
==335152== Command: ./cub3d
==335152== Parent PID: 335151
==335152== 
--335152-- 
--335152-- Valgrind options:
--335152--    --leak-check=full
--335152--    --show-leak-kinds=all
--335152--    --track-origins=yes
--335152--    --verbose
--335152--    --log-file=valgrind-report.log
--335152--    --show-reachable=yes
--335152--    --track-fds=yes
--335152--    --error-limit=no
--335152-- Contents of /proc/version:
--335152--   Linux version 6.13.3-1-t2-jammy (root@ef16ed4dcf16) (gcc (Ubuntu 11.4.0-1ubuntu1~22.04) 11.4.0, GNU ld (GNU Binutils for Ubuntu) 2.38) #1 SMP PREEMPT_DYNAMIC Mon Feb 17 17:34:32 UTC 2025
--335152-- 
--335152-- Arch and hwcaps: AMD64, LittleEndian, amd64-cx16-lzcnt-rdtscp-sse3-ssse3-avx-avx2-bmi-f16c-rdrand-rdseed
--335152-- Page sizes: currently 4096, max supported 4096
--335152-- Valgrind library directory: /usr/libexec/valgrind
--335152-- Reading syms from /home/yusudemi/Desktop/cub/bonus/cub3d
--335152-- Reading syms from /usr/lib/x86_64-linux-gnu/ld-linux-x86-64.so.2
--335152--   Considering /usr/lib/debug/.build-id/ac/af96d7b1a6bad57b559d646233d5dc1a23257c.debug ..
--335152--   .. build-id is valid
--335152-- Reading syms from /usr/libexec/valgrind/memcheck-amd64-linux
--335152--    object doesn't have a symbol table
--335152--    object doesn't have a dynamic symbol table
--335152-- Scheduler: using generic scheduler lock implementation.
--335152-- Reading suppressions file: /usr/libexec/valgrind/default.supp
==335152== embedded gdbserver: reading from /tmp/vgdb-pipe-from-vgdb-to-335152-by-yusudemi-on-???
==335152== embedded gdbserver: writing to   /tmp/vgdb-pipe-to-vgdb-from-335152-by-yusudemi-on-???
==335152== embedded gdbserver: shared mem   /tmp/vgdb-pipe-shared-mem-vgdb-335152-by-yusudemi-on-???
==335152== 
==335152== TO CONTROL THIS PROCESS USING vgdb (which you probably
==335152== don't want to do, unless you know exactly what you're doing,
==335152== or are doing some strange experiment):
==335152==   /usr/bin/vgdb --pid=335152 ...command...
==335152== 
==335152== TO DEBUG THIS PROCESS USING GDB: start GDB like this
==335152==   /path/to/gdb ./cub3d
==335152== and then give GDB the following command
==335152==   target remote | /usr/bin/vgdb --pid=335152
==335152== --pid is optional if only one valgrind process is running
==335152== 
--335152-- REDIR: 0x402aa40 (ld-linux-x86-64.so.2:strlen) redirected to 0x580bcec2 (???)
--335152-- REDIR: 0x402a810 (ld-linux-x86-64.so.2:index) redirected to 0x580bcedc (???)
--335152-- Reading syms from /usr/libexec/valgrind/vgpreload_core-amd64-linux.so
--335152--    object doesn't have a symbol table
--335152-- Reading syms from /usr/libexec/valgrind/vgpreload_memcheck-amd64-linux.so
--335152--    object doesn't have a symbol table
==335152== WARNING: new redirection conflicts with existing -- ignoring it
--335152--     old: 0x0402aa40 (strlen              ) R-> (0000.0) 0x580bcec2 ???
--335152--     new: 0x0402aa40 (strlen              ) R-> (2007.0) 0x0484ee30 strlen
--335152-- REDIR: 0x4027220 (ld-linux-x86-64.so.2:strcmp) redirected to 0x484fcd0 (strcmp)
--335152-- REDIR: 0x402afa0 (ld-linux-x86-64.so.2:mempcpy) redirected to 0x4853840 (mempcpy)
--335152-- Reading syms from /usr/lib/x86_64-linux-gnu/libXext.so.6.4.0
--335152--    object doesn't have a symbol table
--335152-- Reading syms from /usr/lib/x86_64-linux-gnu/libX11.so.6.4.0
--335152--    object doesn't have a symbol table
--335152-- Reading syms from /usr/lib/x86_64-linux-gnu/libm.so.6
--335152--   Considering /usr/lib/debug/.build-id/b2/b4cd0f73a7c7a6da5ba4126bceb33ce68853d5.debug ..
--335152--   .. build-id is valid
--335152-- Reading syms from /usr/lib/x86_64-linux-gnu/libz.so.1.2.11
--335152--    object doesn't have a symbol table
--335152-- Reading syms from /usr/lib/x86_64-linux-gnu/libc.so.6
--335152--   Considering /usr/lib/debug/.build-id/4f/7b0c955c3d81d7cac1501a2498b69d1d82bfe7.debug ..
--335152--   .. build-id is valid
==335152== WARNING: new redirection conflicts with existing -- ignoring it
--335152--     old: 0x04b72c60 (memalign            ) R-> (1011.0) 0x0484e080 memalign
--335152--     new: 0x04b72c60 (memalign            ) R-> (1017.0) 0x0484e050 aligned_alloc
==335152== WARNING: new redirection conflicts with existing -- ignoring it
--335152--     old: 0x04b72c60 (memalign            ) R-> (1011.0) 0x0484e080 memalign
--335152--     new: 0x04b72c60 (memalign            ) R-> (1017.0) 0x0484e020 aligned_alloc
==335152== WARNING: new redirection conflicts with existing -- ignoring it
--335152--     old: 0x04b72c60 (memalign            ) R-> (1011.0) 0x0484e080 memalign
--335152--     new: 0x04b72c60 (memalign            ) R-> (1017.0) 0x0484e050 aligned_alloc
==335152== WARNING: new redirection conflicts with existing -- ignoring it
--335152--     old: 0x04b72c60 (memalign            ) R-> (1011.0) 0x0484e080 memalign
--335152--     new: 0x04b72c60 (memalign            ) R-> (1017.0) 0x0484e020 aligned_alloc
--335152-- Reading syms from /usr/lib/x86_64-linux-gnu/libxcb.so.1.1.0
--335152--    object doesn't have a symbol table
--335152-- Reading syms from /usr/lib/x86_64-linux-gnu/libXau.so.6.0.0
--335152--    object doesn't have a symbol table
--335152-- Reading syms from /usr/lib/x86_64-linux-gnu/libXdmcp.so.6.0.0
--335152--    object doesn't have a symbol table
--335152-- Reading syms from /usr/lib/x86_64-linux-gnu/libbsd.so.0.11.5
--335152--    object doesn't have a symbol table
--335152-- Reading syms from /usr/lib/x86_64-linux-gnu/libmd.so.0.0.5
--335152--    object doesn't have a symbol table
--335152-- REDIR: 0x4b75720 (libc.so.6:strnlen) redirected to 0x483f220 (_vgnU_ifunc_wrapper)
--335152-- REDIR: 0x4b759e0 (libc.so.6:strpbrk) redirected to 0x483f220 (_vgnU_ifunc_wrapper)
--335152-- REDIR: 0x4b752e0 (libc.so.6:strcmp) redirected to 0x483f220 (_vgnU_ifunc_wrapper)
--335152-- REDIR: 0x4b93cd0 (libc.so.6:wcsnlen) redirected to 0x483f220 (_vgnU_ifunc_wrapper)
--335152-- REDIR: 0x4b766d0 (libc.so.6:memset) redirected to 0x483f220 (_vgnU_ifunc_wrapper)
--335152-- REDIR: 0x4b92540 (libc.so.6:wcslen) redirected to 0x483f220 (_vgnU_ifunc_wrapper)
--335152-- REDIR: 0x4b76c10 (libc.so.6:memcpy@@GLIBC_2.14) redirected to 0x483f220 (_vgnU_ifunc_wrapper)
--335152-- REDIR: 0x4b92370 (libc.so.6:wcschr) redirected to 0x483f220 (_vgnU_ifunc_wrapper)
--335152-- REDIR: 0x4b75260 (libc.so.6:index) redirected to 0x483f220 (_vgnU_ifunc_wrapper)
--335152-- REDIR: 0x4b75960 (libc.so.6:rindex) redirected to 0x483f220 (_vgnU_ifunc_wrapper)
--335152-- REDIR: 0x4b765a0 (libc.so.6:memmove) redirected to 0x483f220 (_vgnU_ifunc_wrapper)
==335152== Preferring higher priority redirection:
--335152--     old: 0x04c6d840 (__memcpy_avx_unalign) R-> (2018.0) 0x04850f90 __memcpy_avx_unaligned_erms
--335152--     new: 0x04c6d840 (__memcpy_avx_unalign) R-> (2018.1) 0x04852880 memmove
--335152-- REDIR: 0x4b923f0 (libc.so.6:wcscmp) redirected to 0x483f220 (_vgnU_ifunc_wrapper)
--335152-- REDIR: 0x4b769e0 (libc.so.6:stpncpy) redirected to 0x483f220 (_vgnU_ifunc_wrapper)
--335152-- REDIR: 0x4b929b0 (libc.so.6:wmemchr) redirected to 0x483f220 (_vgnU_ifunc_wrapper)
--335152-- REDIR: 0x4b75830 (libc.so.6:strncmp) redirected to 0x483f220 (_vgnU_ifunc_wrapper)
--335152-- REDIR: 0x4b76a70 (libc.so.6:strcasecmp) redirected to 0x483f220 (_vgnU_ifunc_wrapper)
--335152-- REDIR: 0x4b75420 (libc.so.6:strcspn) redirected to 0x483f220 (_vgnU_ifunc_wrapper)
--335152-- REDIR: 0x4b92470 (libc.so.6:wcscpy) redirected to 0x483f220 (_vgnU_ifunc_wrapper)
--335152-- REDIR: 0x4b751d0 (libc.so.6:strcat) redirected to 0x483f220 (_vgnU_ifunc_wrapper)
--335152-- REDIR: 0x4b76b60 (libc.so.6:strncasecmp_l) redirected to 0x483f220 (_vgnU_ifunc_wrapper)
--335152-- REDIR: 0x4b76480 (libc.so.6:bcmp) redirected to 0x483f220 (_vgnU_ifunc_wrapper)
--335152-- REDIR: 0x4b7e570 (libc.so.6:memrchr) redirected to 0x483f220 (_vgnU_ifunc_wrapper)
--335152-- REDIR: 0x4b78010 (libc.so.6:strchrnul) redirected to 0x483f220 (_vgnU_ifunc_wrapper)
--335152-- REDIR: 0x4b75390 (libc.so.6:strcpy) redirected to 0x483f220 (_vgnU_ifunc_wrapper)
--335152-- REDIR: 0x4b76b10 (libc.so.6:strcasecmp_l) redirected to 0x483f220 (_vgnU_ifunc_wrapper)
--335152-- REDIR: 0x4b756a0 (libc.so.6:strlen) redirected to 0x483f220 (_vgnU_ifunc_wrapper)
--335152-- REDIR: 0x4b758d0 (libc.so.6:strncpy) redirected to 0x483f220 (_vgnU_ifunc_wrapper)
--335152-- REDIR: 0x4b76950 (libc.so.6:stpcpy) redirected to 0x483f220 (_vgnU_ifunc_wrapper)
--335152-- REDIR: 0x4b763f0 (libc.so.6:memchr) redirected to 0x483f220 (_vgnU_ifunc_wrapper)
--335152-- REDIR: 0x4b75b00 (libc.so.6:strspn) redirected to 0x483f220 (_vgnU_ifunc_wrapper)
--335152-- REDIR: 0x4b767d0 (libc.so.6:mempcpy) redirected to 0x483f220 (_vgnU_ifunc_wrapper)
--335152-- REDIR: 0x4b76ac0 (libc.so.6:strncasecmp) redirected to 0x483f220 (_vgnU_ifunc_wrapper)
--335152-- REDIR: 0x4b77f80 (libc.so.6:rawmemchr) redirected to 0x483f220 (_vgnU_ifunc_wrapper)
--335152-- REDIR: 0x4c6a690 (libc.so.6:__strrchr_avx2) redirected to 0x484e810 (rindex)
--335152-- REDIR: 0x4c6e000 (libc.so.6:__memset_avx2_unaligned_erms) redirected to 0x4852770 (memset)
--335152-- REDIR: 0x4b720a0 (libc.so.6:malloc) redirected to 0x4848820 (malloc)
--335152-- REDIR: 0x4c6a860 (libc.so.6:__strlen_avx2) redirected to 0x484ed10 (strlen)
--335152-- REDIR: 0x4c65e00 (libc.so.6:__strncmp_avx2) redirected to 0x484f3e0 (strncmp)
--335152-- REDIR: 0x4b73520 (libc.so.6:calloc) redirected to 0x484d9d0 (calloc)
--335152-- REDIR: 0x4c6d840 (libc.so.6:__memcpy_avx_unaligned_erms) redirected to 0x4852880 (memmove)
--335152-- REDIR: 0x4b723e0 (libc.so.6:free) redirected to 0x484b210 (free)
--335152-- REDIR: 0x4c6a480 (libc.so.6:__strchrnul_avx2) redirected to 0x4853330 (strchrnul)
--335152-- REDIR: 0x4c01850 (libc.so.6:__strcpy_chk) redirected to 0x48533a0 (__strcpy_chk)
--335152-- REDIR: 0x4b75fc0 (libc.so.6:__GI_strstr) redirected to 0x4853ae0 (__strstr_sse2)
--335152-- REDIR: 0x4c66b00 (libc.so.6:__memcmp_avx2_movbe) redirected to 0x4852010 (bcmp)
--335152-- REDIR: 0x4c6d800 (libc.so.6:__mempcpy_avx_unaligned_erms) redirected to 0x4853440 (mempcpy)
--335152-- REDIR: 0x4b72740 (libc.so.6:realloc) redirected to 0x484dc50 (realloc)
--335152-- REDIR: 0x4c6c0c0 (libc.so.6:__strncpy_avx2) redirected to 0x484efe0 (strncpy)
--335152-- REDIR: 0x4c659c0 (libc.so.6:__strcmp_avx2) redirected to 0x484fbd0 (strcmp)
--335152-- REDIR: 0x4c6bd30 (libc.so.6:__strcpy_avx2) redirected to 0x484ee60 (strcpy)
--335152-- REDIR: 0x4c6acb0 (libc.so.6:__strcat_avx2) redirected to 0x484ea20 (strcat)
==335152== 
==335152== FILE DESCRIPTORS: 7 open (3 std) at exit.
==335152== Open file descriptor 103: /usr/share/code/v8_context_snapshot.bin
==335152==    <inherited from parent>
==335152== 
==335152== Open AF_UNIX socket 41: <unknown>
==335152==    <inherited from parent>
==335152== 
==335152== Open file descriptor 40: /home/yusudemi/.config/Code/logs/20251129T200300/ptyhost.log
==335152==    <inherited from parent>
==335152== 
==335152== Open file descriptor 3: /home/yusudemi/Desktop/cub/bonus/valgrind-report.log
==335152==    <inherited from parent>
==335152== 
==335152== 
==335152== HEAP SUMMARY:
==335152==     in use at exit: 0 bytes in 0 blocks
==335152==   total heap usage: 60,442,402 allocs, 60,442,402 frees, 1,842,721,940 bytes allocated
==335152== 
==335152== All heap blocks were freed -- no leaks are possible
==335152== 
==335152== ERROR SUMMARY: 0 errors from 0 contexts (suppressed: 1 from 1)
--335152-- 
--335152-- used_suppression:      1 X on SUSE11 writev uninit padding /usr/libexec/valgrind/default.supp:377
==335152== 
==335152== ERROR SUMMARY: 0 errors from 0 contexts (suppressed: 1 from 1)
